Slicing enviroment.stl with layer thickness 0.2 and infill percent 0.2
Progress: 2
Progress: 5
Progress: 7
Progress: 10
Progress: 13
Progress: 15
Progress: 18
Progress: 20
Progress: 23
Progress: 26
Progress: 28
Progress: 31
Progress: 33
Progress: 36
Progress: 39
Progress: 41
Progress: 44
Progress: 46
Progress: 49
Progress: 52
Progress: 54
Progress: 57
Progress: 60
Finished Creating Walls...
Progress: 62
Progress: 64
Progress: 66
Progress: 68
Progress: 70
Progress: 72
Progress: 75
Progress: 77
Progress: 79
Progress: 81
Progress: 83
Progress: 85
Progress: 87
Progress: 90
Infill Complete
Top/Bottom Layers Complete
Writing Gcode to File...
Progress: 61
Progress: 63
Progress: 65
Progress: 66
Progress: 68
Progress: 70
Progress: 72
Progress: 73
Progress: 75
Progress: 77
Progress: 79
Progress: 80
Progress: 82
Progress: 84
Progress: 86
Progress: 87
Progress: 89
Progress: 91
Progress: 93
Progress: 94
Progress: 96
Progress: 98
Progress: 100
Gcode writing complete
